------------------------------------------------------------------------------------------------------------------------------------------------------
2026-09-12
[Implementasi awal]
+ Menambahkan setting operator, pola token, Add/Modify/Remove, dan pemilihan operator pada form utama.
+ Menambahkan directory terpisah untuk DieA, HiDie, KissA, dan HiKiss.
+ Menambahkan parser `/`, `~`, literal berkutip, spasi, dan separator `-`.
+ Process membuat atau memakai folder hasil parsing lalu Save As CDR dengan nama asal.
+ Benturan file menawarkan pilihan duplikat bernomor, timpa, atau batal.

[Scope tambahan - root bertanggal, DisposableSave, deteksi mode]
+ Tujuan permanen kini memakai struktur root/tahun/bulan/tanggal/folder hasil token/nama asal.cdr.
+ Tahun diambil dari folder tahun atau angka tahun pada nama ancestor.
+ Menambahkan DisposableSave sebagai override per dokumen/mode selama sesi VBA.
+ Menambahkan deteksi mode awal dari nama CDR dengan keyword, singkatan, dan toleransi typo terbatas.
~ Pilihan manual pada dokumen yang sama tetap dipertahankan.

[cmbCorelVersion dan preferensi embedding]
+ Menambahkan pilihan CorelVersion 25.1 sampai 15.0 dan menyimpan pilihan terakhir ke registry.
+ Save As kini memakai versi Corel yang dipilih.
+ Menyimpan preferensi EmbedColorProfiles dan EmbedFonts.
~ EmbedColorProfiles sudah diterapkan ke EmbedICCProfile.
~ EmbedFonts masih disimpan sebagai preferensi sampai pemetaan API CDR terverifikasi.

------------------------------------------------------------------------------------------------------------------------------------------------------
2026-09-13
[Refactor Disposable]
~ Merapikan logika DisposableSave agar lebih aman, konsisten, dan mudah dipelihara.
~ Kontrol Disposable sudah diuji user tanpa error.

------------------------------------------------------------------------------------------------------------------------------------------------------
2026-09-22
[ModeDetector - pengenalan nama file]
~ Memperbaiki deteksi mode agar keyword umum seperti CUT/CUTT tidak menimbulkan konflik antara A3 dan hires.
~ Nama seperti KISS CUT ECO SOLVENT kini dikenali sebagai HiKiss, dengan atau tanpa strip/kurung. Daftar keyword dan toleransi typo tetap dipertahankan.

------------------------------------------------------------------------------------------------------------------------------------------------------
2026-09-27
[ModeDetector - VINYL GRAFTAC]
+ Memisahkan deteksi finishing dari petunjuk mesin, merek, dan bahan untuk kategori A/Hi.
~ Nama yang memuat VINYL dan GRAFTAC bersama kini memakai kategori A; contoh DIECUT menjadi DieA.
~ GRAFTAC tanpa petunjuk lain memilih Hi, sedangkan petunjuk A yang jelas tetap memilih A. CHROMO dan CHROME tidak lagi tertukar oleh toleransi typo.

[Pemindahan keyword]
+ KARTU NAMA/LONG/EXTENDED/EXT langsung memilih DieA; INFRABOARD/FOAMBOARD langsung memilih HiDie, meski ada petunjuk finishing lain.
~ SANDBLAST berlaku untuk kedua mode Hi; CUTTING BAHAN berlaku untuk semua mode. Keyword lama lainnya tidak lagi dipakai untuk deteksi.

------------------------------------------------------------------------------------------------------------------------------------------------------
2026-09-28
[MacroBehavior AutoSNC]
+ AutoSNC dapat menjalankan `@cmdProcess` dan `@cmdClose` dalam antrean MacroRunner; alur gabungan dengan AutoLabel dan ExportRelated berhasil diuji.
~ Dokumen sumber yang belum disimpan kini dilaporkan sebagai ERROR dengan pesan jelas, sementara AutoSNC tetap terbuka tanpa menghentikan VBA.

------------------------------------------------------------------------------------------------------------------------------------------------------
2026-09-30
[ModeDetector - VYNIL dan A3]
~ VYNIL kini dikenali sebagai VINYL, sedangkan A3 dan A3+ kembali menentukan kategori A; nama KISSCUT dengan GRAFTACT memilih KissA bila memuat salah satunya.
~ KOTAK tidak lagi keliru dikenali sebagai merek KTAK.

[Folder Parser - token ~]
~ Nama pelanggan pada output token ~ kini mengabaikan bagian dalam kurung dan melewati folder PART bernomor bertingkat. Jika tidak ada folder pelanggan, PART terdekat tetap digunakan.
